// Jest Snapshot v1, https://goo.gl/fbAQLP

exports[`<Header /> should render div 1`] = `
<DocumentFragment>
  <div />
</DocumentFragment>
`;
