// Jest Snapshot v1, https://goo.gl/fbAQLP

exports[`<TaskList /> should match snapshot 1`] = `
<DocumentFragment>
  <div>
    <ol
      class="tasksList"
    >
      <li
        class="waiting updateTask"
      >
        Â 
        <a
          href="/task/0/0"
        >
          test
        </a>
        <div
          class="buttons"
        >
          <button
            type="button"
          />
          <button
            class="inProgress"
            type="button"
          />
          <button
            class="delete"
            type="button"
          />
        </div>
      </li>
    </ol>
    <a
      class="addTask"
      href="/task/0"
    >
      Add new task
    </a>
  </div>
</DocumentFragment>
`;
