// Jest Snapshot v1, https://goo.gl/fbAQLP

exports[`<Tabs /> should match snapshot 1`] = `
<DocumentFragment>
  <div
    class="content"
  >
    <nav>
      <ul
        class="list"
      >
        <li
          class="active"
        >
          <a>
            <br />
            <time
              class="dates"
            >
              27 March
            </time>
          </a>
        </li>
      </ul>
    </nav>
    <div
      class="activeContent"
      id="0"
    >
      test
    </div>
  </div>
</DocumentFragment>
`;
