// Jest Snapshot v1, https://goo.gl/fbAQLP

exports[`<Navigation /> should match snapshot 1`] = `
<DocumentFragment>
  <nav>
    <ul
      class="list"
    />
  </nav>
</DocumentFragment>
`;
