// Jest Snapshot v1, https://goo.gl/fbAQLP

exports[`<App /> should render header and main 1`] = `
<DocumentFragment>
  <header
    data-testid="header"
  />
  <main />
</DocumentFragment>
`;
