// Jest Snapshot v1, https://goo.gl/fbAQLP

exports[`<Logout /> should match snapshot 1`] = `
<DocumentFragment>
  <div
    class="logout"
  >
    <span>
      User is signing out...
      <span
        class="error"
      />
    </span>
  </div>
</DocumentFragment>
`;
